// Jest Snapshot v1, https://goo.gl/fbAQLP

exports[`LoginForm component renders without crashing 1`] = `
<Fragment>
  <form
    className="login-form"
    onSubmit={[Function]}
  >
    <div
      role="alert"
    />
    <div
      className="form-section"
    >
      <label
        htmlFor="username"
      >
        Username
      </label>
      <input
        aria-required="true"
        id="username"
        name="username"
        placeholder="Username..."
        required={true}
        type="text"
      />
    </div>
    <div
      className="form-section"
    >
      <label
        htmlFor="password"
      >
        Password
      </label>
      <input
        aria-required="true"
        id="password"
        name="password"
        required={true}
        type="password"
      />
    </div>
    <div
      className="form-section"
    >
      <button
        type="submit"
      >
        Submit
      </button>
    </div>
  </form>
   
</Fragment>
`;
